// Jest Snapshot v1, https://goo.gl/fbAQLP

exports[`should render 1`] = `
<DocumentFragment>
  <div
    class="App"
  >
    <header>
      <nav>
        <span
          class="nav-item"
        >
          Recursive
        </span>
        <span
          class="nav-item"
        >
          Iterative
        </span>
      </nav>
    </header>
    <aside>
      <ul>
        <li>
          cat
        </li>
        <li>
          <ul>
            <li>
              <div>
                <span
                  data-testid="addCategory"
                >
                  + Add category 
                </span>
                <input
                  data-testid="categoryInput"
                  type="text"
                  value=""
                />
              </div>
            </li>
          </ul>
        </li>
        <li>
          dog
        </li>
        <li>
          <ul>
            <li>
              <div>
                <span
                  data-testid="addCategory"
                >
                  + Add category 
                </span>
                <input
                  data-testid="categoryInput"
                  type="text"
                  value=""
                />
              </div>
            </li>
          </ul>
        </li>
        <li>
          test3
        </li>
        <li>
          <ul>
            <li>
              test3.1
            </li>
            <li>
              <ul>
                <li>
                  <div>
                    <span
                      data-testid="addCategory"
                    >
                      + Add category 
                    </span>
                    <input
                      data-testid="categoryInput"
                      type="text"
                      value=""
                    />
                  </div>
                </li>
              </ul>
            </li>
            <li>
              test3.2
            </li>
            <li>
              <ul>
                <li>
                  test3.2.1
                </li>
                <li>
                  <ul>
                    <li>
                      <div>
                        <span
                          data-testid="addCategory"
                        >
                          + Add category 
                        </span>
                        <input
                          data-testid="categoryInput"
                          type="text"
                          value=""
                        />
                      </div>
                    </li>
                  </ul>
                </li>
                <li>
                  <div>
                    <span
                      data-testid="addCategory"
                    >
                      + Add category 
                    </span>
                    <input
                      data-testid="categoryInput"
                      type="text"
                      value=""
                    />
                  </div>
                </li>
              </ul>
            </li>
            <li>
              <div>
                <span
                  data-testid="addCategory"
                >
                  + Add category 
                </span>
                <input
                  data-testid="categoryInput"
                  type="text"
                  value=""
                />
              </div>
            </li>
          </ul>
        </li>
        <li>
          <div>
            <span
              data-testid="addCategory"
            >
              + Add category 
            </span>
            <input
              data-testid="categoryInput"
              type="text"
              value=""
            />
          </div>
        </li>
      </ul>
    </aside>
  </div>
</DocumentFragment>
`;
